test_api_rejects_events_for_unknown_versions (test_api_sdk.APISDKTests.test_api_rejects_events_for_unknown_versions) ... ok
test_client_schema_mismatch_is_rejected_and_falls_back_visibly (test_api_sdk.APISDKTests.test_client_schema_mismatch_is_rejected_and_falls_back_visibly) ... ok
test_expired_cache_is_visible_when_service_fails (test_api_sdk.APISDKTests.test_expired_cache_is_visible_when_service_fails) ... ok
test_get_records_only_one_exposure_per_context (test_api_sdk.APISDKTests.test_get_records_only_one_exposure_per_context) ... ok
test_outage_returns_visible_safe_default (test_api_sdk.APISDKTests.test_outage_returns_visible_safe_default) ... ok
test_retry_after_lost_ack_does_not_double_count (test_api_sdk.APISDKTests.test_retry_after_lost_ack_does_not_double_count) ... ok
test_service_and_local_evaluator_have_complete_assignment_parity (test_api_sdk.APISDKTests.test_service_and_local_evaluator_have_complete_assignment_parity) ... ok
test_timeouts_are_bounded_for_assignment_and_tracking (test_api_sdk.APISDKTests.test_timeouts_are_bounded_for_assignment_and_tracking) ... ok
test_ineligibility_and_unknown_rules_fail_closed_with_immutable_defaults (test_assignment.AssignmentCorrectnessTests.test_ineligibility_and_unknown_rules_fail_closed_with_immutable_defaults) ... ok
test_metadata_explains_the_selected_weight_interval (test_assignment.AssignmentCorrectnessTests.test_metadata_explains_the_selected_weight_interval) ... ok
test_one_and_many_state_experiments_are_supported (test_assignment.AssignmentCorrectnessTests.test_one_and_many_state_experiments_are_supported) ... ok
test_repeat_assignment_is_fully_sticky (test_assignment.AssignmentCorrectnessTests.test_repeat_assignment_is_fully_sticky) ... ok
test_simultaneous_experiments_do_not_contaminate_each_other (test_assignment.AssignmentCorrectnessTests.test_simultaneous_experiments_do_not_contaminate_each_other) ... ok
test_unknown_assignment_implementations_fail_before_exposure (test_assignment.AssignmentCorrectnessTests.test_unknown_assignment_implementations_fail_before_exposure) ... ok
test_version_salt_policy_and_experiment_namespaces_are_isolated (test_assignment.AssignmentCorrectnessTests.test_version_salt_policy_and_experiment_namespaces_are_isolated) ... ok
test_frozen_fixtures_match_engine_service_and_local_sdk (test_assignment.AssignmentParityFixtureTests.test_frozen_fixtures_match_engine_service_and_local_sdk) ... ok
test_assignment_record_exposes_auditable_bucket_and_policy_diagnostics (test_assignment_lab.AssignmentLabTests.test_assignment_record_exposes_auditable_bucket_and_policy_diagnostics) ... ok
test_evidence_includes_provenance_checksums_environment_and_limitations (test_assignment_lab.AssignmentLabTests.test_evidence_includes_provenance_checksums_environment_and_limitations) ... ok
test_evidence_is_loaded_from_the_approved_generated_artifacts (test_assignment_lab.AssignmentLabTests.test_evidence_is_loaded_from_the_approved_generated_artifacts) ... ok
test_lab_rejects_invalid_subjects_and_non_version_comparisons (test_assignment_lab.AssignmentLabTests.test_lab_rejects_invalid_subjects_and_non_version_comparisons) ... ok
test_snapshot_is_compact_json_serializable_and_repeatable (test_assignment_lab.AssignmentLabTests.test_snapshot_is_compact_json_serializable_and_repeatable) ... ok
test_unapproved_or_incomplete_evidence_fails_visibly (test_assignment_lab.AssignmentLabTests.test_unapproved_or_incomplete_evidence_fails_visibly) ... ok
test_version_isolation_does_not_require_the_subject_to_change_state (test_assignment_lab.AssignmentLabTests.test_version_isolation_does_not_require_the_subject_to_change_state) ... ok
test_assignment_lab_proves_repeat_assignment_and_version_namespace (test_dashboard.DashboardWorkflowTests.test_assignment_lab_proves_repeat_assignment_and_version_namespace) ... ok
test_decision_preserves_full_immutable_evidence_snapshot (test_dashboard.DashboardWorkflowTests.test_decision_preserves_full_immutable_evidence_snapshot) ... ok
test_empty_valid_state_space_blocks_launch (test_dashboard.DashboardWorkflowTests.test_empty_valid_state_space_blocks_launch) ... ok
test_event_integrity_lab_runs_all_protected_scenarios (test_dashboard.DashboardWorkflowTests.test_event_integrity_lab_runs_all_protected_scenarios) ... ok
test_health_is_rendered_before_effect_and_every_chart_is_labeled (test_dashboard.DashboardWorkflowTests.test_health_is_rendered_before_effect_and_every_chart_is_labeled) ... ok
test_integrity_failures_withhold_effects_and_block_decisions (test_dashboard.DashboardWorkflowTests.test_integrity_failures_withhold_effects_and_block_decisions) ... ok
test_launch_requires_explicit_review_and_freezes_configuration (test_dashboard.DashboardWorkflowTests.test_launch_requires_explicit_review_and_freezes_configuration) ... ok
test_lifecycle_controls_preserve_history_and_rollback (test_dashboard.DashboardWorkflowTests.test_lifecycle_controls_preserve_history_and_rollback) ... ok
test_minimal_shell_progressively_discloses_dense_controls (test_dashboard.DashboardWorkflowTests.test_minimal_shell_progressively_discloses_dense_controls) ... ok
test_pause_stop_and_kill_are_explicit_irreversible_transitions (test_dashboard.DashboardWorkflowTests.test_pause_stop_and_kill_are_explicit_irreversible_transitions) ... ok
test_preview_preserves_valid_and_rejected_states_with_reason (test_dashboard.DashboardWorkflowTests.test_preview_preserves_valid_and_rejected_states_with_reason) ... ok
test_public_claims_fail_closed_when_release_provenance_disagrees (test_dashboard.DashboardWorkflowTests.test_public_claims_fail_closed_when_release_provenance_disagrees) ... ok
test_public_proof_surface_uses_only_approved_generated_claims (test_dashboard.DashboardWorkflowTests.test_public_proof_surface_uses_only_approved_generated_claims) ... ok
test_required_decision_inputs_block_launch (test_dashboard.DashboardWorkflowTests.test_required_decision_inputs_block_launch) ... ok
test_all_event_types_have_strict_type_specific_schemas (test_event_ingestion.EventIngestionTests.test_all_event_types_have_strict_type_specific_schemas) ... ok
test_dead_letter_can_be_replayed_after_version_catalog_changes (test_event_ingestion.EventIngestionTests.test_dead_letter_can_be_replayed_after_version_catalog_changes) ... ok
test_event_and_receipt_timestamps_are_both_retained (test_event_ingestion.EventIngestionTests.test_event_and_receipt_timestamps_are_both_retained) ... ok
test_event_id_reuse_for_different_payload_is_quarantined (test_event_ingestion.EventIngestionTests.test_event_id_reuse_for_different_payload_is_quarantined) ... ok
test_exact_and_concurrent_duplicates_never_double_count (test_event_ingestion.EventIngestionTests.test_exact_and_concurrent_duplicates_never_double_count) ... ok
test_file_store_reopens_with_identical_reconciliation (test_event_ingestion.EventIngestionTests.test_file_store_reopens_with_identical_reconciliation) ... ok
test_goal_received_before_exposure_reconciles_by_event_time (test_event_ingestion.EventIngestionTests.test_goal_received_before_exposure_reconciles_by_event_time) ... ok
test_invalid_batch_members_are_quarantined_without_losing_valid_members (test_event_ingestion.EventIngestionTests.test_invalid_batch_members_are_quarantined_without_losing_valid_members) ... ok
test_late_events_use_event_time_and_window_endpoint_is_inclusive (test_event_ingestion.EventIngestionTests.test_late_events_use_event_time_and_window_endpoint_is_inclusive) ... ok
test_malformed_and_unauthorized_payloads_fail_visibly (test_event_ingestion.EventIngestionTests.test_malformed_and_unauthorized_payloads_fail_visibly) ... ok
test_missing_exposure_and_pre_exposure_goal_are_excluded (test_event_ingestion.EventIngestionTests.test_missing_exposure_and_pre_exposure_goal_are_excluded) ... ok
test_observations_and_guardrails_are_exposure_gated (test_event_ingestion.EventIngestionTests.test_observations_and_guardrails_are_exposure_gated) ... ok
test_reordered_batches_reconcile_to_the_same_digest (test_event_ingestion.EventIngestionTests.test_reordered_batches_reconcile_to_the_same_digest) ... ok
test_retry_after_timeout_recovers_the_committed_batch_result (test_event_ingestion.EventIngestionTests.test_retry_after_timeout_recovers_the_committed_batch_result) ... ok
test_versions_are_validated_and_never_cross_attribution (test_event_ingestion.EventIngestionTests.test_versions_are_validated_and_never_cross_attribution) ... ok
test_contract_batch_quarantine_and_dead_letter_lifecycle_are_durable (test_event_repository_contract.SQLiteEventRepositoryContractTests.test_contract_batch_quarantine_and_dead_letter_lifecycle_are_durable) ... ok
test_contract_batch_result_is_recoverable_and_batch_identity_is_immutable (test_event_repository_contract.SQLiteEventRepositoryContractTests.test_contract_batch_result_is_recoverable_and_batch_identity_is_immutable) ... ok
test_contract_event_and_receipt_order_are_independently_queryable (test_event_repository_contract.SQLiteEventRepositoryContractTests.test_contract_event_and_receipt_order_are_independently_queryable) ... ok
test_contract_identical_insert_is_idempotent_and_collision_is_visible (test_event_repository_contract.SQLiteEventRepositoryContractTests.test_contract_identical_insert_is_idempotent_and_collision_is_visible) ... ok
test_adjusted_sequential_look_does_not_raise_unadjusted_warning (test_inference_integrity.DecisionIntegrityTests.test_adjusted_sequential_look_does_not_raise_unadjusted_warning) ... ok
test_binary_recovers_positive_zero_and_negative_effects (test_inference_integrity.DecisionIntegrityTests.test_binary_recovers_positive_zero_and_negative_effects) ... ok
test_continuous_recovers_positive_zero_and_negative_effects (test_inference_integrity.DecisionIntegrityTests.test_continuous_recovers_positive_zero_and_negative_effects) ... ok
test_effect_recovery_reports_bias_and_rmse_for_signed_truth (test_inference_integrity.DecisionIntegrityTests.test_effect_recovery_reports_bias_and_rmse_for_signed_truth) ... ok
test_guardrail_direction_threshold_and_decision_suppression (test_inference_integrity.DecisionIntegrityTests.test_guardrail_direction_threshold_and_decision_suppression) ... ok
test_heavy_tailed_continuous_outcomes_warn_and_block_normal_decision (test_inference_integrity.DecisionIntegrityTests.test_heavy_tailed_continuous_outcomes_warn_and_block_normal_decision) ... ok
test_rare_and_common_binary_outcomes_have_finite_uncertainty (test_inference_integrity.DecisionIntegrityTests.test_rare_and_common_binary_outcomes_have_finite_uncertainty) ... ok
test_repeated_unadjusted_peeking_warns_and_suppresses_recommendation (test_inference_integrity.DecisionIntegrityTests.test_repeated_unadjusted_peeking_warns_and_suppresses_recommendation) ... ok
test_segment_multiplicity_is_visible (test_inference_integrity.DecisionIntegrityTests.test_segment_multiplicity_is_visible) ... ok
test_srm_injection_suppresses_recommendation (test_inference_integrity.DecisionIntegrityTests.test_srm_injection_suppresses_recommendation) ... ok
test_unknown_sequential_adjustment_cannot_bypass_peeking_gate (test_inference_integrity.DecisionIntegrityTests.test_unknown_sequential_adjustment_cannot_bypass_peeking_gate) ... ok
test_analysis_plan_is_persistable_and_rejects_invalid_inputs (test_inference_integrity.MetadataAndValidationTests.test_analysis_plan_is_persistable_and_rejects_invalid_inputs) ... ok
test_binary_counts_must_be_logically_valid (test_inference_integrity.MetadataAndValidationTests.test_binary_counts_must_be_logically_valid) ... ok
test_continuous_values_must_be_finite (test_inference_integrity.MetadataAndValidationTests.test_continuous_values_must_be_finite) ... ok
test_method_metadata_is_canonical_and_round_trips (test_inference_integrity.MetadataAndValidationTests.test_method_metadata_is_canonical_and_round_trips) ... ok
test_analytical_binary_power_agrees_with_seeded_simulation (test_inference_integrity.PlanningTests.test_analytical_binary_power_agrees_with_seeded_simulation) ... ok
test_binary_mde_and_required_sample_size_invert_power (test_inference_integrity.PlanningTests.test_binary_mde_and_required_sample_size_invert_power) ... ok
test_continuous_mde_matches_declared_power (test_inference_integrity.PlanningTests.test_continuous_mde_matches_declared_power) ... ok
test_cross_version_row_prevents_outcome_leakage (test_integrity_lab.IntegrityLabTests.test_cross_version_row_prevents_outcome_leakage) ... ok
test_duplicate_row_uses_real_idempotent_ingestion (test_integrity_lab.IntegrityLabTests.test_duplicate_row_uses_real_idempotent_ingestion) ... ok
test_late_row_reconciles_by_event_time_not_receipt_order (test_integrity_lab.IntegrityLabTests.test_late_row_reconciles_by_event_time_not_receipt_order) ... ok
test_missing_exposure_row_excludes_assignment_only_subject (test_integrity_lab.IntegrityLabTests.test_missing_exposure_row_excludes_assignment_only_subject) ... ok
test_reordered_row_matches_chronological_reconciliation_digest (test_integrity_lab.IntegrityLabTests.test_reordered_row_matches_chronological_reconciliation_digest) ... ok
test_report_is_ui_ready_serializable_and_scope_limited (test_integrity_lab.IntegrityLabTests.test_report_is_ui_ready_serializable_and_scope_limited) ... ok
test_scenario_order_and_json_are_deterministic (test_integrity_lab.IntegrityLabTests.test_scenario_order_and_json_are_deterministic) ... ok
test_contract_batch_quarantine_and_dead_letter_lifecycle_are_durable (test_postgres_event_repository.PostgresEventRepositoryContractTests.test_contract_batch_quarantine_and_dead_letter_lifecycle_are_durable) ... skipped 'set VARIANTGRID_RUN_POSTGRES_TESTS=1 for local Postgres'
test_contract_batch_result_is_recoverable_and_batch_identity_is_immutable (test_postgres_event_repository.PostgresEventRepositoryContractTests.test_contract_batch_result_is_recoverable_and_batch_identity_is_immutable) ... skipped 'set VARIANTGRID_RUN_POSTGRES_TESTS=1 for local Postgres'
test_contract_event_and_receipt_order_are_independently_queryable (test_postgres_event_repository.PostgresEventRepositoryContractTests.test_contract_event_and_receipt_order_are_independently_queryable) ... skipped 'set VARIANTGRID_RUN_POSTGRES_TESTS=1 for local Postgres'
test_contract_identical_insert_is_idempotent_and_collision_is_visible (test_postgres_event_repository.PostgresEventRepositoryContractTests.test_contract_identical_insert_is_idempotent_and_collision_is_visible) ... skipped 'set VARIANTGRID_RUN_POSTGRES_TESTS=1 for local Postgres'
test_batch_retry_and_durable_reopen_recover_one_committed_result (test_postgres_event_repository.PostgresEventRepositoryIntegrationTests.test_batch_retry_and_durable_reopen_recover_one_committed_result) ... skipped 'set VARIANTGRID_RUN_POSTGRES_TESTS=1 for local Postgres'
test_concurrent_duplicate_delivery_across_independent_connections (test_postgres_event_repository.PostgresEventRepositoryIntegrationTests.test_concurrent_duplicate_delivery_across_independent_connections) ... skipped 'set VARIANTGRID_RUN_POSTGRES_TESTS=1 for local Postgres'
test_dead_letter_replay_survives_repository_reopen (test_postgres_event_repository.PostgresEventRepositoryIntegrationTests.test_dead_letter_replay_survives_repository_reopen) ... skipped 'set VARIANTGRID_RUN_POSTGRES_TESTS=1 for local Postgres'
test_v1_database_upgrades_rolls_back_and_reapplies_without_losing_json (test_registry.RegistryMigrationTests.test_v1_database_upgrades_rolls_back_and_reapplies_without_losing_json) ... ok
test_checksum_detects_storage_tampering (test_registry.RegistryPersistenceTests.test_checksum_detects_storage_tampering) ... ok
test_file_round_trip_replays_identical_order_ids_and_assignment_inputs (test_registry.RegistryPersistenceTests.test_file_round_trip_replays_identical_order_ids_and_assignment_inputs) ... ok
test_invalid_lifecycle_transitions_fail_visibly (test_registry.RegistryPersistenceTests.test_invalid_lifecycle_transitions_fail_visibly) ... ok
test_launched_version_is_immutable_even_through_direct_sql (test_registry.RegistryPersistenceTests.test_launched_version_is_immutable_even_through_direct_sql) ... ok
test_material_edit_clones_to_new_draft_and_preserves_source (test_registry.RegistryPersistenceTests.test_material_edit_clones_to_new_draft_and_preserves_source) ... ok
test_metrics_guardrails_and_immutable_decisions_are_persistent (test_registry.RegistryPersistenceTests.test_metrics_guardrails_and_immutable_decisions_are_persistent) ... ok
test_canonical_ids_ignore_mapping_insertion_order (test_registry.StateGenerationTests.test_canonical_ids_ignore_mapping_insertion_order) ... ok
test_conditional_variables_reject_forward_or_unknown_dependencies (test_registry.StateGenerationTests.test_conditional_variables_reject_forward_or_unknown_dependencies) ... ok
test_typed_conditional_variables_and_rejection_reasons_are_explicit (test_registry.StateGenerationTests.test_typed_conditional_variables_and_rejection_reasons_are_explicit) ... ok
test_assignment_is_sticky (test_variantgrid.VariantGridTests.test_assignment_is_sticky) ... ok
test_assignment_metadata_and_fallback_are_explicit (test_variantgrid.VariantGridTests.test_assignment_metadata_and_fallback_are_explicit) ... ok
test_attribution_window_is_enforced (test_variantgrid.VariantGridTests.test_attribution_window_is_enforced) ... ok
test_concurrent_duplicates_are_idempotent (test_variantgrid.VariantGridTests.test_concurrent_duplicates_are_idempotent) ... ok
test_constraints_remove_invalid_states (test_variantgrid.VariantGridTests.test_constraints_remove_invalid_states) ... ok
test_continuous_readout_and_mde (test_variantgrid.VariantGridTests.test_continuous_readout_and_mde) ... ok
test_duplicate_events_are_idempotent (test_variantgrid.VariantGridTests.test_duplicate_events_are_idempotent) ... ok
test_goal_before_exposure_is_still_attributed (test_variantgrid.VariantGridTests.test_goal_before_exposure_is_still_attributed) ... ok
test_integrity_failure_suppresses_recommendation (test_variantgrid.VariantGridTests.test_integrity_failure_suppresses_recommendation) ... ok
test_invalid_registry_transition_is_rejected (test_variantgrid.VariantGridTests.test_invalid_registry_transition_is_rejected) ... ok
test_late_event_uses_experiment_time_not_receipt_order (test_variantgrid.VariantGridTests.test_late_event_uses_experiment_time_not_receipt_order) ... ok
test_missing_exposure_is_not_attributed (test_variantgrid.VariantGridTests.test_missing_exposure_is_not_attributed) ... ok
test_outcome_before_exposure_time_is_not_attributed (test_variantgrid.VariantGridTests.test_outcome_before_exposure_time_is_not_attributed) ... ok
test_policy_versions_are_assignment_isolated (test_variantgrid.VariantGridTests.test_policy_versions_are_assignment_isolated) ... ok
test_readouts_do_not_cross_versions (test_variantgrid.VariantGridTests.test_readouts_do_not_cross_versions) ... ok
test_registry_replays_and_freezes_launched_versions (test_variantgrid.VariantGridTests.test_registry_replays_and_freezes_launched_versions) ... ok
test_state_identity_is_independent_of_mapping_order (test_variantgrid.VariantGridTests.test_state_identity_is_independent_of_mapping_order) ... ok
test_typed_factors_reject_mismatched_values (test_variantgrid.VariantGridTests.test_typed_factors_reject_mismatched_values) ... ok
test_versions_are_isolated (test_variantgrid.VariantGridTests.test_versions_are_isolated) ... ok

----------------------------------------------------------------------
Ran 117 tests in 0.634s

OK (skipped=7)
